self-check: mean of the 8 per-perturbation values = 0.148225
            agg_v8.parquet de_wilcoxon_direction_reach_raw = 0.148158
            abs diff 6.70e-05 (4-decimal rounding floor ~5e-5)  -> CONSISTENT

official b/r for de_wilcoxon_direction_reach_raw: b 0.047-0.097, r 0.958-0.978

pert           reach  N_conf   k*   contrib    share
----------------------------------------------------
MAT2A         1.0000       5    5    0.1250    84.3%
ZNF581        0.0625      16    1    0.0078     5.3%
COX4I1        0.0574     122    7    0.0072     4.8%
SLIRP         0.0435     253   11    0.0054     3.7%
VCL           0.0184       -    -    0.0023     1.6%
GNG12         0.0032       -    -    0.0004     0.3%
PAXIP1        0.0008       -    -    0.0001     0.1%
TCF7L2        0.0000       -    -    0.0000     0.0%
----------------------------------------------------
mean          0.1482

bootstrap B=20000, seed 20260922: raw reach_raw panel mean
  point 0.1482  mean 0.1483  sd 0.1152  90% [0.0168, 0.3882]
  P(resample contains no MAT2A) = (7/8)^8 = 0.3436

official-scale reach member, and its contribution to a 6-member avg_score
end              point  boot mean        sd        p5       p95  sd/avg_score
-----------------------------------------------------------------------------
b_lo/r_lo       0.1111     0.1112    0.1264   -0.0332    0.3745        0.0211
b_hi/r_hi       0.0581     0.0582    0.1307   -0.0911    0.3305        0.0218
-----------------------------------------------------------------------------
last column = sd of this ONE member's contribution to avg_score;
it is a LOWER BOUND on the sd of the full six-metric avg_score.

repo-internal from_baseline scale (the one V8's 0.2025 lives on)
  baseline b for this member (E27 agg_base) = 0.007319
  member: point 0.1419  sd 0.1160  90% [0.0095, 0.3837]
  contribution to avg_score: sd 0.0193
  -> V8 repo-internal avg_score 0.2025 +/- AT LEAST 0.0193 (1 sd, reach member alone)

V8 official avg_score 0.1215 (b_lo/r_lo) / 0.0848 (b_hi/r_hi); leader 0.1899
  gap to leader: -0.0684 / -0.1051
  reach-only sampling sd: 0.0211 / 0.0218  -> the gap is 3.2 / 4.8 reach-only sds wide

wrote /Users/chetianc/code/vcc2026-stage1-lab/experiments/E30-scale/out/reach_bootstrap.json
