扰动 8  共同基因 7,481  K_CALL=288 K_OFF=550

设计                                    pds    Δ vs A    量子
------------------------------------------------------------
A 召集 288（V8）                       0.7321   +0.0000     0
I  集外原幅（= V13）                     0.8750   +0.1429     8
K1 集外压到 0.99×min|call|             0.8393   +0.1071     6
K2 集外压到 0.50×min|call|             0.7857   +0.0536     3

==============================================================================
排序不变量：min|callset| > max|off| 是否成立？（reach 能否恢复的结构前提）
==============================================================================
扰动                             I                    K1                    K2
------------------------------------------------------------------------------
TCF7L2             破 0.439/0.701        OK 0.439/0.434        OK 0.439/0.219
GNG12              破 0.441/0.678        OK 0.441/0.436        OK 0.441/0.220
VCL                破 0.381/0.629        OK 0.381/0.377        OK 0.381/0.190
COX4I1             破 0.519/0.827        OK 0.519/0.514        OK 0.519/0.260
MAT2A              破 0.782/1.017        OK 0.782/0.775        OK 0.782/0.391
PAXIP1             破 0.552/0.861        OK 0.552/0.546        OK 0.552/0.276
SLIRP              破 0.909/1.084        OK 0.909/0.900        OK 0.909/0.455
ZNF581             破 0.422/0.787        OK 0.422/0.418        OK 0.422/0.211
------------------------------------------------------------------------------
判读：K1 若 8/8 个扰动 OK 且 pds 收益 ≥ 4 个量子，则它同时保住 reach 与 pds，
      值得一次 build；若 pds 收益被压光，说明 pds 的收益本质来自
      集外幅度**超过**召集集，与 reach 在同一个旋钮上不可分。

==============================================================================
压幅（0.99×min|call|）之后重扫 k_off —— 不许沿用未压幅时的 550
==============================================================================
   k_off      pds    Δ vs A    量子      不变量
----------------------------------------------
     288   0.7679   +0.0357     2      8/8
     550   0.8393   +0.1071     6      8/8
    1000   0.7857   +0.0536     3      8/8
    2000   0.8036   +0.0714     4      8/8
    3000   0.7857   +0.0536     3      8/8
    5000   0.7857   +0.0536     3      8/8
----------------------------------------------
压幅下最优且不变量全过：k_off = 550，pds 0.8393（+6 个量子）
对比 V13（未压幅 k=550）：pds 0.8750，+8 量子，但不变量 0/8 —— reach 因此塌到 0.0250
