扰动 8  基因 18,080  共同基因 7,481  bts 50000

设计                                        pds  from_base  逐扰动
----------------------------------------------------------------------------------------------------
A 召集 288 原值（V8 现状）                     0.7321     0.4643  Δ vs A +0.0000  0.43 0.14 0.86 0.86 0.71 1.00 1.00 0.86
C 全基因去面板均值                             0.7500     0.5000  Δ vs A +0.0179  0.29 0.29 1.00 0.86 0.71 0.86 1.00 1.00
G top1000 去面板均值                        0.7857     0.5714  Δ vs A +0.0536  0.57 0.43 0.86 1.00 0.57 1.00 1.00 0.86
H 召集 288 + 其余全部去均值                     0.7500     0.5000  Δ vs A +0.0179  0.29 0.29 1.00 0.86 0.71 0.86 1.00 1.00
I 召集 288 + 其余 top1000 去均值              0.8036     0.6071  Δ vs A +0.0714  0.57 0.29 0.86 1.00 0.71 1.00 1.00 1.00
J 召集 288 + 其余去均值 x0.3                  0.7143     0.4286  Δ vs A -0.0179  0.43 0.14 0.86 0.86 0.57 1.00 1.00 0.86
I@scale=1    top1000                   0.8036     0.6071  Δ vs A +0.0714  0.57 0.29 0.86 1.00 0.71 1.00 1.00 1.00
I@scale=0.85 top1000                   0.7857     0.5714  Δ vs A +0.0536  0.57 0.29 0.86 1.00 0.71 1.00 1.00 0.86
I@scale=0.7  top1000                   0.7857     0.5714  Δ vs A +0.0536  0.57 0.29 0.86 1.00 0.71 1.00 1.00 0.86
I@scale=0.5  top1000                   0.7857     0.5714  Δ vs A +0.0536  0.57 0.29 0.86 1.00 0.71 1.00 1.00 0.86
I@k=300   scale=1.0                    0.7679     0.5357  Δ vs A +0.0357  0.71 0.14 0.86 1.00 0.57 1.00 1.00 0.86
I@k=500   scale=1.0                    0.8750     0.7500  Δ vs A +0.1429  1.00 0.57 1.00 1.00 0.57 1.00 1.00 0.86
I@k=2000  scale=1.0                    0.7857     0.5714  Δ vs A +0.0536  0.43 0.29 1.00 1.00 0.86 0.86 1.00 0.86
I@k=3000  scale=1.0                    0.7857     0.5714  Δ vs A +0.0536  0.29 0.29 1.00 0.86 0.86 1.00 1.00 1.00
----------------------------------------------------------------------------------------------------
判读：H/I 若 ≥ G 的 pds，则去均值的收益不需要动召集集即可拿到，reach 的纯前缀结构上不受影响 → 解耦成立。
      H/I 若 ≈ A，则 pds 的收益本质上来自召集集内那 288 个值被改写，与 reach 不可分 → 解耦失败，P1 关闭。
