/Users/chetianc/vcc2026/.venv/lib/python3.12/site-packages/scanpy/tools/_rank_genes_groups.py:496: RuntimeWarning: invalid value encountered in divide
  scores = (
/Users/chetianc/vcc2026/.venv/lib/python3.12/site-packages/scanpy/tools/_rank_genes_groups.py:496: RuntimeWarning: invalid value encountered in divide
  scores = (
/Users/chetianc/vcc2026/.venv/lib/python3.12/site-packages/scanpy/tools/_rank_genes_groups.py:496: RuntimeWarning: invalid value encountered in divide
  scores = (
/Users/chetianc/vcc2026/.venv/lib/python3.12/site-packages/scanpy/tools/_rank_genes_groups.py:496: RuntimeWarning: invalid value encountered in divide
  scores = (
de_lfc_nmae: omitted 1 perturbation(s) for fewer than 10 gated genes (e.g. MAT2A). The gate is real-side only, so this set is the same for every submission.
compute_metrics 完成 1398s
metric 'expr_distance_unbiased' not scored (scored=False)
metric 'expr_mse_unbiased' not scored (scored=False)
metric 'expr_mse_unbiased_capped' not scored (scored=False)
metric 'expr_real_mass_ratio' not scored (scored=False)

======================================================================================================================
V14（压幅）vs V13（原幅）vs V8 —— SPEC §3 强制三列刻度
======================================================================================================================
指标                                         V8 raw  V13 raw  V14 raw |    V8 lo   V13 lo   V14 lo   Δ vs13 |   V14 hi
--------------------------------------------------------------------------------------------------------------------
pds_cosine                                 0.7500   0.8750   0.7857 |   0.5855   0.8782   0.6691  -0.2091 |   0.5903
expr_mse_unbiased_capped_norm              1.0819   2.2208   1.3366 |   0.0000   0.0000   0.0000  +0.0000 |   0.0000
de_wilcoxon_sig_jaccard                    0.0482   0.0482   0.0486 |   0.0769   0.0770   0.0781  +0.0011 |   0.0302
de_wilcoxon_lfc_nmae                       1.0004   1.0115   1.0005 |   0.0009  -0.0168   0.0007  +0.0175 |   0.0022
de_wilcoxon_direction_fidelity_yield_raw   0.4919   0.5023   0.4980 |  -0.0453  -0.0092  -0.0241  -0.0149 |  -0.0774
de_wilcoxon_direction_reach_raw            0.1482   0.0250   0.0208 |   0.1110  -0.0241  -0.0288  -0.0047 |  -0.0865
--------------------------------------------------------------------------------------------------------------------
avg_score                                                           |   0.1215   0.1508   0.1158  -0.0350 |   0.0765
仓库内部（T9：不可外推）                              0.1788

⚠️ 分子 = 本 8 扰动 / 1 context 的 raw；分母 = 官方 300 扰动 / 3 context 的 b/r。
   可并排看榜首 0.1899，但不是同一回事（SPEC §3）。

======================================================================================================================
SPEC §8e 判定 —— 机制门优先于分数门（门在 build 前定死：git 4601d28）
======================================================================================================================
预测 pds raw 0.8393，实测 0.7857，差 -0.0536（-3 个量子）
预测 reach raw 0.1482，实测 0.0208   零假设（T13）0.0355   **低于**零假设

机制门（主）reach >= 0.14：❌ 未过   —— V13 是 0.0250
分数门（次）avg_lo >= 0.1578：❌ 未过   （实测 0.1158，V13 0.1508）
  ❌ 停止条件 2：sig_jaccard 相对 V8 变了 4.11e-04 > 2e-5 —— 敞口比 V13 观察到的更大，需单独定位
  ❌ 停止条件 1：不变量已在 build 内断言通过，但 reach 仍未恢复 —— 纯前缀还有第三个来源，SPEC §8a 仍不完整

=> **机制未成立 —— 回头改 §8a**

已存 /Users/chetianc/code/vcc2026-stage1-lab/experiments/E34-pds-decouple/out/score_v14.json   耗时 1398s
已清理 pred_v14.h5ad（293 MB）；聚合保留在 agg_v14.parquet
