扰动 8  基因 18,080  共同基因 7,481
扰动顺序 ['TCF7L2', 'GNG12', 'VCL', 'COX4I1', 'MAT2A', 'PAXIP1', 'SLIRP', 'ZNF581']
real_bulk 类型 tuple

==============================================================================
检验 1 · 密网格（全 8 扰动 panel，量子 1/56 = 0.0179）
==============================================================================
   k_off      pds    Δ vs A     量子数
----------------------------------------
    A(无)   0.7321   +0.0000       0
     300   0.7679   +0.0357       2
     350   0.7500   +0.0179       1
     400   0.8214   +0.0893       5
     450   0.8393   +0.1071       6
     500   0.8750   +0.1429       8
     550   0.8750   +0.1429       8
     600   0.8750   +0.1429       8
     700   0.8214   +0.0893       5
     800   0.7857   +0.0536       3
    1000   0.8036   +0.0714       4

峰值 k=500 pds 0.8750；次优 k=550 pds 0.8750；差 +0.0000（0 个量子）

==============================================================================
检验 2 · 留一法（每次剔除 1 个扰动，7 扰动 panel，量子 1/42 = 0.0238）
⚠️ 只在同一行内横向比较 k；绝不跨行比绝对值（panel 不同，指标不同）
==============================================================================
        剔除        A    k=500   k=1000       胜者
----------------------------------------------
    TCF7L2   0.7857   0.8571   0.8571    k=500
     GNG12   0.8333   0.9286   0.9048    k=500
       VCL   0.7381   0.8810   0.7857    k=500
    COX4I1   0.6905   0.8810   0.7857    k=500
     MAT2A   0.7143   0.9048   0.8095    k=500
    PAXIP1   0.6667   0.8571   0.7857    k=500
     SLIRP   0.6905   0.8333   0.7619    k=500
    ZNF581   0.7381   0.9048   0.8095    k=500
----------------------------------------------
胜场：k=500 → 8/8  k=1000 → 0/8

判读：若 k=500 的胜场 ≤ 4/8，它在 8 个 panel 里不稳定 ⇒ 是 panel 噪声，
      应取有邻域支撑的 k（密网格里的平台），而不是全局 argmax。
