
=== 同系（K562，两次不同筛）  n=1,289 ===
  actual   （同一扰动）        0.9148
  permuted （随机别的扰动×20） 0.5662
  habitual （基因跨扰动中位符号） 0.7058
  ⇒ 扰动特异 = actual − permuted = **+0.3486**  (sd 0.1060, t = 118.1, 正的占比 0.993)

=== 跨系 K562→Jurkat  n=1,435 ===
  actual   （同一扰动）        0.8244
  permuted （随机别的扰动×20） 0.5636
  habitual （基因跨扰动中位符号） 0.6810
  ⇒ 扰动特异 = actual − permuted = **+0.2608**  (sd 0.1180, t = 83.7, 正的占比 0.969)

=== 跨系 K562→RPE1  n=1,963 ===
  actual   （同一扰动）        0.6695
  permuted （随机别的扰动×20） 0.5624
  habitual （基因跨扰动中位符号） 0.6565
  ⇒ 扰动特异 = actual − permuted = **+0.1071**  (sd 0.1469, t = 32.3, 正的占比 0.778)

=== 跨系 K562→HepG2  n=1,299 ===
  actual   （同一扰动）        0.7579
  permuted （随机别的扰动×20） 0.5706
  habitual （基因跨扰动中位符号） 0.6837
  ⇒ 扰动特异 = actual − permuted = **+0.1873**  (sd 0.1329, t = 50.8, 正的占比 0.941)

================================================================================================
判读（门在执行前写下）
================================================================================================
同系（K562，两次不同筛）               specific +0.3486  t  118.1  → 存在扰动特异符号信号 ⇒ 重开前提
跨系 K562→Jurkat               specific +0.2608  t   83.7  → 存在扰动特异符号信号 ⇒ 重开前提
跨系 K562→RPE1                 specific +0.1071  t   32.3  → 存在扰动特异符号信号 ⇒ 重开前提
跨系 K562→HepG2                specific +0.1873  t   50.8  → 存在扰动特异符号信号 ⇒ 重开前提

已存 /Users/chetianc/code/vcc2026-stage1-lab/experiments/E35-sign-ceiling/out/marginal_control.json   耗时 129s
