K562GW: 9,866 个扰动

=== 同系（K562，两次不同筛）  K562GW ∩ K562Essential = 2,053 个共有扰动 （K562Essential 自身 2,057）===
  基因：K562GW 8,248 / K562Essential 8,563 → 交集 8,202
  逐位相同比例 0.000000（远小于 1 ⇒ 独立测量，可比）
  计分扰动 1,289（门 ≥ 10）  门中位 180
  一致率 均值 0.9148  中位 0.9401  sd 0.0847  10–90 分位 [0.8000, 1.0000]
  > 0.5 的扰动占比 0.997   t vs 0.5 = 175.8

=== 跨系 K562→Jurkat  K562GW ∩ JurkatEssential = 2,389 个共有扰动 （JurkatEssential 自身 2,392）===
  基因：K562GW 8,248 / JurkatEssential 8,882 → 交集 7,355
  逐位相同比例 0.000000（远小于 1 ⇒ 独立测量，可比）
  计分扰动 1,435（门 ≥ 10）  门中位 118
  一致率 均值 0.8244  中位 0.8462  sd 0.1121  10–90 分位 [0.6672, 0.9444]
  > 0.5 的扰动占比 0.990   t vs 0.5 = 109.6

=== 跨系 K562→RPE1  K562GW ∩ RPE1Essential = 2,390 个共有扰动 （RPE1Essential 自身 2,393）===
  基因：K562GW 8,248 / RPE1Essential 8,749 → 交集 7,094
  逐位相同比例 0.000000（远小于 1 ⇒ 独立测量，可比）
  计分扰动 1,963（门 ≥ 10）  门中位 419
  一致率 均值 0.6695  中位 0.6743  sd 0.1349  10–90 分位 [0.4977, 0.8416]
  > 0.5 的扰动占比 0.894   t vs 0.5 = 55.7

=== 跨系 K562→HepG2  K562GW ∩ HepG2Essential = 2,390 个共有扰动 （HepG2Essential 自身 2,393）===
  基因：K562GW 8,248 / HepG2Essential 9,624 → 交集 7,427
  逐位相同比例 0.000000（远小于 1 ⇒ 独立测量，可比）
  计分扰动 1,299（门 ≥ 10）  门中位 211
  一致率 均值 0.7579  中位 0.7568  sd 0.1232  10–90 分位 [0.5999, 0.9222]
  > 0.5 的扰动占比 0.990   t vs 0.5 = 75.5

============================================================================================
判读（门在执行前写下）
============================================================================================
同系 0.9148（n=1,289）  最好的跨系 K562GW->JurkatEssential 0.8244（n=1,435）  差 +9.05 个百分点
⇒ 介于 5–10 个百分点之间，不构成判定，需要第三个同系对。

已存 /Users/chetianc/code/vcc2026-stage1-lab/experiments/E35-sign-ceiling/out/sign_ceiling.json   耗时 57s
