=== 1. V8 召集集（K562GW |beta| 前 288）与 real lfc 的符号一致率 ===
扰动          |R̂|  ∩real_sig      符号一致(全288)      符号一致(∩sig)   real|lfc|中位
--------------------------------------------------------------------------
TCF7L2       288          7           53.5%           42.9%        0.0692
GNG12        288         12           51.7%           58.3%        0.0844
VCL          288          2           50.3%          100.0%        0.0696
COX4I1       288          2           55.6%          100.0%        0.0706
MAT2A        288          0           51.4%            nan%        0.0541
PAXIP1       288         89           54.9%           62.9%        0.1245
SLIRP        288         10           50.0%           90.0%        0.0690
ZNF581       288          1           52.1%          100.0%        0.0572

=== 2. real_sig 上 λ·b(K562GW) vs real lfc 的相关（0 = 不传） ===
扰动              n   Spearman          p    Pearson          p
------------------------------------------------------------
TCF7L2        133     0.1321   1.30e-01     0.0985   2.59e-01
GNG12         464    -0.0999   3.14e-02    -0.0429   3.57e-01
VCL            55     0.0195   8.88e-01    -0.0838   5.43e-01
COX4I1         94     0.0187   8.58e-01     0.2993   3.39e-03
MAT2A           5     0.3000   6.24e-01     0.3013   6.22e-01
PAXIP1       1946     0.0381   9.30e-02     0.0759   8.10e-04
SLIRP         186     0.1889   9.82e-03     0.2650   2.57e-04
ZNF581          5     0.8000   1.04e-01     0.6858   2.01e-01

=== 3. 全 CPM gate 上的 SSE 代理（expr_mse 的 lfc 空间近似，标注为代理）===
扰动                预测0    GW only      GW+填充       填充Δ
------------------------------------------------------
TCF7L2         224.24     346.47     346.47     +0.00
GNG12          255.46     375.47     375.47     +0.00
VCL            178.58     256.55     256.55     +0.00
COX4I1         176.42     341.72     341.72     +0.00
MAT2A          148.45     557.37     768.07   +210.69
PAXIP1         838.19    1006.47    1006.47     +0.00
SLIRP          223.97     758.40     758.40     +0.00
ZNF581         143.74     258.31     258.31     +0.00
------------------------------------------------------
合计            2189.07    3900.77    4111.47   +210.69
→ 代理比值：GW only / 预测0 = 1.7819；GW+填充 / 预测0 = 1.8782

=== 4. MAT2A 的显著集（只有 5 个）逐基因 ===
  SHISA5       real=-1.2852  K562GW=+0.0144  HepG2Essential=-0.1027  JurkatEssential=+0.6208  RPE1Essential=-0.1020  K562Essential=+0.3278
  B4GALT4      real=-0.4370  K562GW=+0.4855  HepG2Essential=+0.0560  JurkatEssential=+0.9018  RPE1Essential=-0.2666  K562Essential=-0.2369
  PDLIM1       real=-0.1912  K562GW=+0.0762  HepG2Essential=-0.0899  JurkatEssential=+0.1060  RPE1Essential=-0.2623  K562Essential=+0.6105
  FADS1        real=-0.1684  K562GW=+0.1643  HepG2Essential=-0.2709  JurkatEssential=-1.2852  RPE1Essential=-0.1008  K562Essential=-0.2327
  SLC6A8       real=-0.3267  K562GW=+0.1199  HepG2Essential=-0.0209  RPE1Essential=-0.0906

耗时 40s
